// Jest Snapshot v1, https://goo.gl/fbAQLP

exports[`Duration Dropdown should render correctly 1`] = `
<div>
  <div
    className="MuiFormControl-root"
    style={
      Object {
        "width": 180,
      }
    }
  >
    <div
      className="MuiInputBase-root MuiInput-root MuiInput-underline MuiInputBase-formControl MuiInput-formControl"
      onClick={[Function]}
    >
      <div
        aria-haspopup="listbox"
        aria-label="duration"
        aria-labelledby="duration-input"
        className="MuiSelect-root MuiSelect-select MuiSelect-selectMenu MuiInputBase-input MuiInput-input"
        id="duration-input"
        onBlur={[Function]}
        onFocus={[Function]}
        onKeyDown={[Function]}
        onMouseDown={[Function]}
        role="button"
        tabIndex={0}
      >
        15 minutes
      </div>
      <input
        aria-hidden={true}
        className="MuiSelect-nativeInput"
        name="duration"
        onAnimationStart={[Function]}
        onChange={[Function]}
        required={false}
        tabIndex={-1}
        value={15}
      />
      <svg
        aria-hidden={true}
        className="MuiSvgIcon-root MuiSelect-icon"
        focusable="false"
        viewBox="0 0 24 24"
      >
        <path
          d="M7 10l5 5 5-5z"
        />
      </svg>
    </div>
  </div>
</div>
------------HTML PREVIEW---------------
<div>
  <div
    class="MuiFormControl-root"
    style="width:180px;"
  >
    <div class="MuiInputBase-root MuiInput-root MuiInput-underline MuiInputBase-formControl MuiInput-formControl">
      <div
        aria-haspopup="listbox"
        aria-label="duration"
        aria-labelledby="duration-input"
        class="MuiSelect-root MuiSelect-select MuiSelect-selectMenu MuiInputBase-input MuiInput-input"
        id="duration-input"
        role="button"
      >
        15 minutes
      </div>
      <input
        aria-hidden
        class="MuiSelect-nativeInput"
        name="duration"
      >
      <svg
        aria-hidden
        class="MuiSvgIcon-root MuiSelect-icon"
        focusable="false"
        viewBox="0 0 24 24"
      >
        <path d="M7 10l5 5 5-5z"></path>
      </svg>
    </div>
  </div>
</div>
`;
