// Jest Snapshot v1, https://goo.gl/fbAQLP

exports[`Exit Queue Page should render correctly 1`] = `
<div>
  <div
    className="MuiPaper-root MuiCard-root makeStyles-content-1 MuiPaper-elevation1 MuiPaper-rounded"
  >
    <div
      className="MuiCardContent-root"
    >
      <h3>
        We have removed you from the matching queue.
      </h3>
      <p>
        Thank you for using Ad-lib, we hope you try again later at your convenience!
      </p>
    </div>
  </div>
</div>
`;
