// Jest Snapshot v1, https://goo.gl/fbAQLP

exports[`Match Page should render correctly 1`] = `
<div>
  <div
    className="MuiPaper-root MuiCard-root makeStyles-content-1 MuiPaper-elevation1 MuiPaper-rounded"
  >
    <div
      className="MuiCardContent-root"
    >
      <h3>
        We found you a match!
      </h3>
      <p>
         is so excited to meet you!
      </p>
      <p>
        Please check your Calendar to find the event and Meet link and join to meet your new friend.
      </p>
    </div>
  </div>
</div>
------------HTML PREVIEW---------------
<div>
  <div class="MuiPaper-root MuiCard-root makeStyles-content-1 MuiPaper-elevation1 MuiPaper-rounded">
    <div class="MuiCardContent-root">
      <h3>
        We found you a match!
      </h3>
      <p>
        This Googler is so excited to meet you.
      </p>
      <p>
        Please check your Calendar to find the event and Meet link and join to meet your new friend
      </p>
    </div>
  </div>
</div>
`;
