// Jest Snapshot v1, https://goo.gl/fbAQLP

exports[`App should render correctly 1`] = `
<div>
  <div
    className="makeStyles-root-3"
  >
    <header
      className="MuiPaper-root MuiAppBar-root MuiAppBar-positionStatic MuiAppBar-colorPrimary MuiPaper-elevation4"
    >
      <div
        className="MuiToolbar-root MuiToolbar-regular MuiToolbar-gutters"
      >
        <h6
          className="MuiTypography-root makeStyles-title-5 MuiTypography-h6"
        >
          Ad-lib
        </h6>
        <div>
          <button
            aria-controls="help-appbar"
            aria-label="help-icon"
            className="MuiButtonBase-root MuiIconButton-root MuiIconButton-colorInherit"
            disabled={false}
            onBlur={[Function]}
            onDragLeave={[Function]}
            onFocus={[Function]}
            onKeyDown={[Function]}
            onKeyUp={[Function]}
            onMouseDown={[Function]}
            onMouseLeave={[Function]}
            onMouseUp={[Function]}
            onTouchEnd={[Function]}
            onTouchMove={[Function]}
            onTouchStart={[Function]}
            tabIndex={0}
            type="button"
          >
            <span
              className="MuiIconButton-label"
            >
              <svg
                aria-hidden={true}
                className="MuiSvgIcon-root"
                focusable="false"
                viewBox="0 0 24 24"
              >
                <path
                  d="M12 2C6.48 2 2 6.48 2 12s4.48 10 10 10 10-4.48 10-10S17.52 2 12 2zm1 17h-2v-2h2v2zm2.07-7.75l-.9.92C13.45 12.9 13 13.5 13 15h-2v-.5c0-1.1.45-2.1 1.17-2.83l1.24-1.26c.37-.36.59-.86.59-1.41 0-1.1-.9-2-2-2s-2 .9-2 2H8c0-2.21 1.79-4 4-4s4 1.79 4 4c0 .88-.36 1.68-.93 2.25z"
                />
              </svg>
            </span>
          </button>
        </div>
      </div>
    </header>
  </div>
  <div
    className="makeStyles-centerHorizontal-1"
  >
    <div>
      <div
        className="MuiPaper-root MuiCard-root makeStyles-content-6 MuiPaper-elevation1 MuiPaper-rounded"
      >
        <div
          className="MuiCardContent-root"
        >
          <h3>
            Meet fellow Googlers 
            <em>
              now
            </em>
            !
          </h3>
          <p>
            Miss bumping into new faces at the office? Want an easy, fun, spontaneous way of meeting Googlers virtually? Now you can!
          </p>
          <p>
            Ad-lib matches you with a fellow Googler in the queue, notifies you through email when you’ve been matched, and adds an event to your Calendar with a Meet link for you to join immediately! It also provides a starter question to get the conversation flowing!
          </p>
        </div>
      </div>
    </div>
    <div
      className="MuiPaper-root MuiCard-root makeStyles-content-2 MuiPaper-elevation1 MuiPaper-rounded"
    >
      <div>
        <div
          className="makeStyles-heading-10"
        >
          <h3>
            Choose your time preferences
          </h3>
        </div>
        <div
          className="makeStyles-section-9"
        >
          <div
            className="makeStyles-flexStartDiv-7"
          >
            <p>
              I am free until...
            </p>
            <div
              style={
                Object {
                  "width": 180,
                }
              }
            >
              <div
                className="MuiFormControl-root MuiTextField-root"
              >
                <div
                  className="MuiInputBase-root MuiInput-root MuiInput-underline MuiInputBase-formControl MuiInput-formControl MuiInputBase-adornedEnd"
                  onClick={[Function]}
                >
                  <input
                    aria-invalid={false}
                    autoFocus={false}
                    className="MuiInputBase-input MuiInput-input MuiInputBase-inputAdornedEnd"
                    disabled={false}
                    id="time-field"
                    onAnimationStart={[Function]}
                    onBlur={[Function]}
                    onChange={[Function]}
                    onFocus={[Function]}
                    required={false}
                    type="text"
                    value="12:00 AM"
                  />
                  <div
                    className="MuiInputAdornment-root MuiInputAdornment-positionEnd"
                  >
                    <button
                      aria-label="time-field"
                      className="MuiButtonBase-root MuiIconButton-root"
                      disabled={false}
                      onBlur={[Function]}
                      onClick={[Function]}
                      onDragLeave={[Function]}
                      onFocus={[Function]}
                      onKeyDown={[Function]}
                      onKeyUp={[Function]}
                      onMouseDown={[Function]}
                      onMouseLeave={[Function]}
                      onMouseUp={[Function]}
                      onTouchEnd={[Function]}
                      onTouchMove={[Function]}
                      onTouchStart={[Function]}
                      tabIndex={0}
                      type="button"
                    >
                      <span
                        className="MuiIconButton-label"
                      >
                        <svg
                          aria-hidden={true}
                          className="MuiSvgIcon-root"
                          focusable="false"
                          viewBox="0 0 24 24"
                        >
                          <path
                            d="M17 12h-5v5h5v-5zM16 1v2H8V1H6v2H5c-1.11 0-1.99.9-1.99 2L3 19c0 1.1.89 2 2 2h14c1.1 0 2-.9 2-2V5c0-1.1-.9-2-2-2h-1V1h-2zm3 18H5V8h14v11z"
                          />
                          <path
                            d="M0 0h24v24H0z"
                            fill="none"
                          />
                        </svg>
                      </span>
                    </button>
                  </div>
                </div>
                
              </div>
            </div>
          </div>
          <div
            className="makeStyles-flexStartDiv-7"
          >
            <p>
              I want to talk for...
            </p>
            <div>
              <div
                className="MuiFormControl-root"
                style={
                  Object {
                    "width": 180,
                  }
                }
              >
                <div
                  className="MuiInputBase-root MuiInput-root MuiInput-underline MuiInputBase-formControl MuiInput-formControl"
                  onClick={[Function]}
                >
                  <div
                    aria-haspopup="listbox"
                    aria-label="duration"
                    aria-labelledby="duration-input"
                    className="MuiSelect-root MuiSelect-select MuiSelect-selectMenu MuiInputBase-input MuiInput-input"
                    id="duration-input"
                    onBlur={[Function]}
                    onFocus={[Function]}
                    onKeyDown={[Function]}
                    onMouseDown={[Function]}
                    role="button"
                    tabIndex={0}
                  >
                    15 minutes
                  </div>
                  <input
                    aria-hidden={true}
                    className="MuiSelect-nativeInput"
                    name="duration"
                    onAnimationStart={[Function]}
                    onChange={[Function]}
                    required={false}
                    tabIndex={-1}
                    value={15}
                  />
                  <svg
                    aria-hidden={true}
                    className="MuiSvgIcon-root MuiSelect-icon"
                    focusable="false"
                    viewBox="0 0 24 24"
                  >
                    <path
                      d="M7 10l5 5 5-5z"
                    />
                  </svg>
                </div>
              </div>
            </div>
          </div>
        </div>
        <div
          className="makeStyles-heading-10"
        >
          <h3>
            Choose your match preferences
          </h3>
        </div>
        <div
          className="makeStyles-section-9"
        >
          <div
            className="makeStyles-flexStartDiv-7"
          >
            <div>
              <div
                className="MuiFormControl-root"
                style={
                  Object {
                    "width": 180,
                  }
                }
              >
                <label
                  className="MuiFormLabel-root MuiInputLabel-root MuiInputLabel-formControl MuiInputLabel-animated"
                  data-shrink={false}
                  id="role"
                >
                  Role
                </label>
                <div
                  className="MuiInputBase-root MuiInput-root MuiInput-underline MuiInputBase-formControl MuiInput-formControl"
                  onClick={[Function]}
                >
                  <div
                    aria-haspopup="listbox"
                    aria-label="role"
                    aria-labelledby="role-input"
                    className="MuiSelect-root MuiSelect-select MuiSelect-selectMenu MuiInputBase-input MuiInput-input"
                    id="role-input"
                    onBlur={[Function]}
                    onFocus={[Function]}
                    onKeyDown={[Function]}
                    onMouseDown={[Function]}
                    role="button"
                    tabIndex={0}
                  >
                    <span
                      dangerouslySetInnerHTML={
                        Object {
                          "__html": "&#8203;",
                        }
                      }
                    />
                  </div>
                  <input
                    aria-hidden={true}
                    className="MuiSelect-nativeInput"
                    name="role"
                    onAnimationStart={[Function]}
                    onChange={[Function]}
                    required={false}
                    tabIndex={-1}
                  />
                  <svg
                    aria-hidden={true}
                    className="MuiSvgIcon-root MuiSelect-icon"
                    focusable="false"
                    viewBox="0 0 24 24"
                  >
                    <path
                      d="M7 10l5 5 5-5z"
                    />
                  </svg>
                </div>
              </div>
            </div>
            <div>
              <div
                className="MuiFormControl-root"
                style={
                  Object {
                    "width": 180,
                  }
                }
              >
                <label
                  className="MuiFormLabel-root MuiInputLabel-root MuiInputLabel-formControl MuiInputLabel-animated"
                  data-shrink={false}
                  id="productArea"
                >
                  Product Area
                </label>
                <div
                  className="MuiInputBase-root MuiInput-root MuiInput-underline MuiInputBase-formControl MuiInput-formControl"
                  onClick={[Function]}
                >
                  <div
                    aria-haspopup="listbox"
                    aria-label="productArea"
                    aria-labelledby="productArea-input"
                    className="MuiSelect-root MuiSelect-select MuiSelect-selectMenu MuiInputBase-input MuiInput-input"
                    id="productArea-input"
                    onBlur={[Function]}
                    onFocus={[Function]}
                    onKeyDown={[Function]}
                    onMouseDown={[Function]}
                    role="button"
                    tabIndex={0}
                  >
                    <span
                      dangerouslySetInnerHTML={
                        Object {
                          "__html": "&#8203;",
                        }
                      }
                    />
                  </div>
                  <input
                    aria-hidden={true}
                    className="MuiSelect-nativeInput"
                    name="productArea"
                    onAnimationStart={[Function]}
                    onChange={[Function]}
                    required={false}
                    tabIndex={-1}
                  />
                  <svg
                    aria-hidden={true}
                    className="MuiSvgIcon-root MuiSelect-icon"
                    focusable="false"
                    viewBox="0 0 24 24"
                  >
                    <path
                      d="M7 10l5 5 5-5z"
                    />
                  </svg>
                </div>
              </div>
            </div>
            <div>
              <div
                className="MuiFormControl-root"
                style={
                  Object {
                    "width": 180,
                  }
                }
              >
                <label
                  className="MuiFormLabel-root MuiInputLabel-root MuiInputLabel-formControl MuiInputLabel-animated"
                  data-shrink={false}
                  id="interests"
                >
                  Interests
                </label>
                <div
                  className="MuiInputBase-root MuiInput-root MuiInput-underline MuiInputBase-formControl MuiInput-formControl"
                  onClick={[Function]}
                >
                  <div
                    aria-haspopup="listbox"
                    aria-label="interests"
                    aria-labelledby="interests"
                    className="MuiSelect-root MuiSelect-select MuiSelect-selectMenu MuiInputBase-input MuiInput-input"
                    id="interests"
                    onBlur={[Function]}
                    onFocus={[Function]}
                    onKeyDown={[Function]}
                    onMouseDown={[Function]}
                    role="button"
                    tabIndex={0}
                  >
                    <span
                      dangerouslySetInnerHTML={
                        Object {
                          "__html": "&#8203;",
                        }
                      }
                    />
                  </div>
                  <input
                    aria-hidden={true}
                    className="MuiSelect-nativeInput"
                    name="interests"
                    onAnimationStart={[Function]}
                    onChange={[Function]}
                    required={false}
                    tabIndex={-1}
                    value=""
                  />
                  <svg
                    aria-hidden={true}
                    className="MuiSvgIcon-root MuiSelect-icon"
                    focusable="false"
                    viewBox="0 0 24 24"
                  >
                    <path
                      d="M7 10l5 5 5-5z"
                    />
                  </svg>
                </div>
              </div>
            </div>
          </div>
          <div
            className="makeStyles-padding-11"
          >
            <fieldset
              className="MuiFormControl-root"
            >
              <div
                aria-label="matchPreference"
                className="MuiFormGroup-root MuiFormGroup-row"
                defaultValue="any"
                role="radiogroup"
              >
                <label
                  className="MuiFormControlLabel-root Mui-disabled"
                >
                  <span
                    aria-disabled={true}
                    className="MuiButtonBase-root MuiIconButton-root PrivateSwitchBase-root-15 MuiRadio-root MuiRadio-colorPrimary PrivateSwitchBase-disabled-17 Mui-disabled MuiIconButton-colorPrimary Mui-disabled Mui-disabled"
                    onBlur={[Function]}
                    onDragLeave={[Function]}
                    onFocus={[Function]}
                    onKeyDown={[Function]}
                    onKeyUp={[Function]}
                    onMouseDown={[Function]}
                    onMouseLeave={[Function]}
                    onMouseUp={[Function]}
                    onTouchEnd={[Function]}
                    onTouchMove={[Function]}
                    onTouchStart={[Function]}
                    tabIndex={-1}
                  >
                    <span
                      className="MuiIconButton-label"
                    >
                      <input
                        checked={false}
                        className="PrivateSwitchBase-input-18"
                        disabled={true}
                        name="matchPreference"
                        onChange={[Function]}
                        type="radio"
                        value="similar"
                      />
                      <div
                        className="PrivateRadioButtonIcon-root-19"
                      >
                        <svg
                          aria-hidden={true}
                          className="MuiSvgIcon-root"
                          focusable="false"
                          viewBox="0 0 24 24"
                        >
                          <path
                            d="M12 2C6.48 2 2 6.48 2 12s4.48 10 10 10 10-4.48 10-10S17.52 2 12 2zm0 18c-4.42 0-8-3.58-8-8s3.58-8 8-8 8 3.58 8 8-3.58 8-8 8z"
                          />
                        </svg>
                        <svg
                          aria-hidden={true}
                          className="MuiSvgIcon-root PrivateRadioButtonIcon-layer-20"
                          focusable="false"
                          viewBox="0 0 24 24"
                        >
                          <path
                            d="M8.465 8.465C9.37 7.56 10.62 7 12 7C14.76 7 17 9.24 17 12C17 13.38 16.44 14.63 15.535 15.535C14.63 16.44 13.38 17 12 17C9.24 17 7 14.76 7 12C7 10.62 7.56 9.37 8.465 8.465Z"
                          />
                        </svg>
                      </div>
                    </span>
                  </span>
                  <span
                    className="MuiTypography-root MuiFormControlLabel-label Mui-disabled MuiTypography-body1"
                  >
                    Similar Googler
                  </span>
                </label>
                <label
                  className="MuiFormControlLabel-root"
                >
                  <span
                    aria-disabled={false}
                    className="MuiButtonBase-root MuiIconButton-root PrivateSwitchBase-root-15 MuiRadio-root MuiRadio-colorPrimary PrivateSwitchBase-checked-16 Mui-checked MuiIconButton-colorPrimary"
                    onBlur={[Function]}
                    onDragLeave={[Function]}
                    onFocus={[Function]}
                    onKeyDown={[Function]}
                    onKeyUp={[Function]}
                    onMouseDown={[Function]}
                    onMouseLeave={[Function]}
                    onMouseUp={[Function]}
                    onTouchEnd={[Function]}
                    onTouchMove={[Function]}
                    onTouchStart={[Function]}
                    tabIndex={null}
                  >
                    <span
                      className="MuiIconButton-label"
                    >
                      <input
                        checked={true}
                        className="PrivateSwitchBase-input-18"
                        disabled={false}
                        name="matchPreference"
                        onChange={[Function]}
                        type="radio"
                        value="any"
                      />
                      <div
                        className="PrivateRadioButtonIcon-root-19 PrivateRadioButtonIcon-checked-21"
                      >
                        <svg
                          aria-hidden={true}
                          className="MuiSvgIcon-root"
                          focusable="false"
                          viewBox="0 0 24 24"
                        >
                          <path
                            d="M12 2C6.48 2 2 6.48 2 12s4.48 10 10 10 10-4.48 10-10S17.52 2 12 2zm0 18c-4.42 0-8-3.58-8-8s3.58-8 8-8 8 3.58 8 8-3.58 8-8 8z"
                          />
                        </svg>
                        <svg
                          aria-hidden={true}
                          className="MuiSvgIcon-root PrivateRadioButtonIcon-layer-20"
                          focusable="false"
                          viewBox="0 0 24 24"
                        >
                          <path
                            d="M8.465 8.465C9.37 7.56 10.62 7 12 7C14.76 7 17 9.24 17 12C17 13.38 16.44 14.63 15.535 15.535C14.63 16.44 13.38 17 12 17C9.24 17 7 14.76 7 12C7 10.62 7.56 9.37 8.465 8.465Z"
                          />
                        </svg>
                      </div>
                    </span>
                  </span>
                  <span
                    className="MuiTypography-root MuiFormControlLabel-label MuiTypography-body1"
                  >
                    Any Googler
                  </span>
                </label>
                <label
                  className="MuiFormControlLabel-root Mui-disabled"
                >
                  <span
                    aria-disabled={true}
                    className="MuiButtonBase-root MuiIconButton-root PrivateSwitchBase-root-15 MuiRadio-root MuiRadio-colorPrimary PrivateSwitchBase-disabled-17 Mui-disabled MuiIconButton-colorPrimary Mui-disabled Mui-disabled"
                    onBlur={[Function]}
                    onDragLeave={[Function]}
                    onFocus={[Function]}
                    onKeyDown={[Function]}
                    onKeyUp={[Function]}
                    onMouseDown={[Function]}
                    onMouseLeave={[Function]}
                    onMouseUp={[Function]}
                    onTouchEnd={[Function]}
                    onTouchMove={[Function]}
                    onTouchStart={[Function]}
                    tabIndex={-1}
                  >
                    <span
                      className="MuiIconButton-label"
                    >
                      <input
                        checked={false}
                        className="PrivateSwitchBase-input-18"
                        disabled={true}
                        name="matchPreference"
                        onChange={[Function]}
                        type="radio"
                        value="different"
                      />
                      <div
                        className="PrivateRadioButtonIcon-root-19"
                      >
                        <svg
                          aria-hidden={true}
                          className="MuiSvgIcon-root"
                          focusable="false"
                          viewBox="0 0 24 24"
                        >
                          <path
                            d="M12 2C6.48 2 2 6.48 2 12s4.48 10 10 10 10-4.48 10-10S17.52 2 12 2zm0 18c-4.42 0-8-3.58-8-8s3.58-8 8-8 8 3.58 8 8-3.58 8-8 8z"
                          />
                        </svg>
                        <svg
                          aria-hidden={true}
                          className="MuiSvgIcon-root PrivateRadioButtonIcon-layer-20"
                          focusable="false"
                          viewBox="0 0 24 24"
                        >
                          <path
                            d="M8.465 8.465C9.37 7.56 10.62 7 12 7C14.76 7 17 9.24 17 12C17 13.38 16.44 14.63 15.535 15.535C14.63 16.44 13.38 17 12 17C9.24 17 7 14.76 7 12C7 10.62 7.56 9.37 8.465 8.465Z"
                          />
                        </svg>
                      </div>
                    </span>
                  </span>
                  <span
                    className="MuiTypography-root MuiFormControlLabel-label Mui-disabled MuiTypography-body1"
                  >
                    Different Googler
                  </span>
                </label>
              </div>
              <p
                className="MuiFormHelperText-root"
              >
                You must select at least one personal preference field to select a match preference 
              </p>
            </fieldset>
          </div>
        </div>
        <div
          className="makeStyles-flexEndDiv-8"
        >
          <label
            className="MuiFormControlLabel-root MuiFormControlLabel-labelPlacementStart"
          >
            <span
              aria-disabled={false}
              className="MuiButtonBase-root MuiIconButton-root PrivateSwitchBase-root-15 MuiCheckbox-root MuiCheckbox-colorPrimary PrivateSwitchBase-checked-16 Mui-checked MuiIconButton-colorPrimary"
              onBlur={[Function]}
              onDragLeave={[Function]}
              onFocus={[Function]}
              onKeyDown={[Function]}
              onKeyUp={[Function]}
              onMouseDown={[Function]}
              onMouseLeave={[Function]}
              onMouseUp={[Function]}
              onTouchEnd={[Function]}
              onTouchMove={[Function]}
              onTouchStart={[Function]}
              tabIndex={null}
            >
              <span
                className="MuiIconButton-label"
              >
                <input
                  className="PrivateSwitchBase-input-18"
                  data-indeterminate={false}
                  defaultChecked={true}
                  name="checkbox"
                  onChange={[Function]}
                  type="checkbox"
                />
                <svg
                  aria-hidden={true}
                  className="MuiSvgIcon-root"
                  focusable="false"
                  viewBox="0 0 24 24"
                >
                  <path
                    d="M19 3H5c-1.11 0-2 .9-2 2v14c0 1.1.89 2 2 2h14c1.11 0 2-.9 2-2V5c0-1.1-.89-2-2-2zm-9 14l-5-5 1.41-1.41L10 14.17l7.59-7.59L19 8l-9 9z"
                  />
                </svg>
              </span>
            </span>
            <span
              className="MuiTypography-root MuiFormControlLabel-label MuiTypography-body1"
            >
              Save my preferences for later
            </span>
          </label>
          <div
            className="makeStyles-flexEndDiv-8"
          >
            <button
              className="MuiButtonBase-root MuiButton-root MuiButton-contained MuiButton-containedPrimary"
              disabled={false}
              onBlur={[Function]}
              onClick={[Function]}
              onDragLeave={[Function]}
              onFocus={[Function]}
              onKeyDown={[Function]}
              onKeyUp={[Function]}
              onMouseDown={[Function]}
              onMouseLeave={[Function]}
              onMouseUp={[Function]}
              onTouchEnd={[Function]}
              onTouchMove={[Function]}
              onTouchStart={[Function]}
              tabIndex={0}
              type="button"
            >
              <span
                className="MuiButton-label"
              >
                Match me!
              </span>
            </button>
          </div>
        </div>
      </div>
    </div>
  </div>
</div>
------------HTML PREVIEW---------------
<div>
  <div class="makeStyles-root-3">
    <header class="MuiPaper-root MuiAppBar-root MuiAppBar-positionStatic MuiAppBar-colorPrimary MuiPaper-elevation4">
      <div class="MuiToolbar-root MuiToolbar-regular MuiToolbar-gutters">
        <h6 class="MuiTypography-root makeStyles-title-5 MuiTypography-h6">
          Ad-lib
        </h6>
        <div>
          <button
            aria-controls="help-appbar"
            aria-label="help-icon"
            class="MuiButtonBase-root MuiIconButton-root MuiIconButton-colorInherit"
            type="button"
          >
            <span class="MuiIconButton-label">
              <svg
                aria-hidden
                class="MuiSvgIcon-root"
                focusable="false"
                viewBox="0 0 24 24"
              >
                <path d="M12 2C6.48 2 2 6.48 2 12s4.48 10 10 10 10-4.48 10-10S17.52 2 12 2zm1 17h-2v-2h2v2zm2.07-7.75l-.9.92C13.45 12.9 13 13.5 13 15h-2v-.5c0-1.1.45-2.1 1.17-2.83l1.24-1.26c.37-.36.59-.86.59-1.41 0-1.1-.9-2-2-2s-2 .9-2 2H8c0-2.21 1.79-4 4-4s4 1.79 4 4c0 .88-.36 1.68-.93 2.25z"></path>
              </svg>
            </span>
          </button>
        </div>
      </div>
    </header>
  </div>
  <div class="makeStyles-centerHorizontal-1">
    <div>
      <div class="MuiPaper-root MuiCard-root makeStyles-content-6 MuiPaper-elevation1 MuiPaper-rounded">
        <div class="MuiCardContent-root">
          <h3>
            Meet fellow Googlers 
            <em>
              now
            </em>
            !
          </h3>
          <p>
            Miss bumping into new faces at the office? Want an easy, fun, spontaneous way of meeting Googlers virtually? Now you can!
          </p>
          <p>
            Ad-lib matches you with a fellow Googler in the queue, notifies you through email when you’ve been matched, and adds an event to your Calendar with a Meet link for you to join immediately! It also provides a starter question to get the conversation flowing!
          </p>
        </div>
      </div>
    </div>
    <div class="MuiPaper-root MuiCard-root makeStyles-content-2 MuiPaper-elevation1 MuiPaper-rounded">
      <div>
        <div class="makeStyles-heading-10">
          <h3>
            Choose your time preferences
          </h3>
        </div>
        <div class="makeStyles-section-9">
          <div class="makeStyles-flexStartDiv-7">
            <p>
              I am free until...
            </p>
            <div style="width:180px;">
              <div class="MuiFormControl-root MuiTextField-root">
                <div class="MuiInputBase-root MuiInput-root MuiInput-underline MuiInputBase-formControl MuiInput-formControl MuiInputBase-adornedEnd">
                  <input
                    class="MuiInputBase-input MuiInput-input MuiInputBase-inputAdornedEnd"
                    id="time-field"
                    type="text"
                    value="12:00 AM"
                  >
                  <div class="MuiInputAdornment-root MuiInputAdornment-positionEnd">
                    <button
                      aria-label="time-field"
                      class="MuiButtonBase-root MuiIconButton-root"
                      type="button"
                    >
                      <span class="MuiIconButton-label">
                        <svg
                          aria-hidden
                          class="MuiSvgIcon-root"
                          focusable="false"
                          viewBox="0 0 24 24"
                        >
                          <path d="M17 12h-5v5h5v-5zM16 1v2H8V1H6v2H5c-1.11 0-1.99.9-1.99 2L3 19c0 1.1.89 2 2 2h14c1.1 0 2-.9 2-2V5c0-1.1-.9-2-2-2h-1V1h-2zm3 18H5V8h14v11z"></path>
                          <path
                            d="M0 0h24v24H0z"
                            fill="none"
                          >
                          </path>
                        </svg>
                      </span>
                    </button>
                  </div>
                </div>
                
              </div>
            </div>
          </div>
          <div class="makeStyles-flexStartDiv-7">
            <p>
              I want to talk for...
            </p>
            <div>
              <div
                class="MuiFormControl-root"
                style="width:180px;"
              >
                <div class="MuiInputBase-root MuiInput-root MuiInput-underline MuiInputBase-formControl MuiInput-formControl">
                  <div
                    aria-haspopup="listbox"
                    aria-label="duration"
                    aria-labelledby="duration-input"
                    class="MuiSelect-root MuiSelect-select MuiSelect-selectMenu MuiInputBase-input MuiInput-input"
                    id="duration-input"
                    role="button"
                  >
                    15 minutes
                  </div>
                  <input
                    aria-hidden
                    class="MuiSelect-nativeInput"
                    name="duration"
                  >
                  <svg
                    aria-hidden
                    class="MuiSvgIcon-root MuiSelect-icon"
                    focusable="false"
                    viewBox="0 0 24 24"
                  >
                    <path d="M7 10l5 5 5-5z"></path>
                  </svg>
                </div>
              </div>
            </div>
          </div>
        </div>
        <div class="makeStyles-heading-10">
          <h3>
            Choose your match preferences
          </h3>
        </div>
        <div class="makeStyles-section-9">
          <div class="makeStyles-flexStartDiv-7">
            <div>
              <div
                class="MuiFormControl-root"
                style="width:180px;"
              >
                <label
                  class="MuiFormLabel-root MuiInputLabel-root MuiInputLabel-formControl MuiInputLabel-animated"
                  id="role"
                >
                  Role
                </label>
                <div class="MuiInputBase-root MuiInput-root MuiInput-underline MuiInputBase-formControl MuiInput-formControl">
                  <div
                    aria-haspopup="listbox"
                    aria-label="role"
                    aria-labelledby="role-input"
                    class="MuiSelect-root MuiSelect-select MuiSelect-selectMenu MuiInputBase-input MuiInput-input"
                    id="role-input"
                    role="button"
                  >
                    <span></span>
                  </div>
                  <input
                    aria-hidden
                    class="MuiSelect-nativeInput"
                    name="role"
                  >
                  <svg
                    aria-hidden
                    class="MuiSvgIcon-root MuiSelect-icon"
                    focusable="false"
                    viewBox="0 0 24 24"
                  >
                    <path d="M7 10l5 5 5-5z"></path>
                  </svg>
                </div>
              </div>
            </div>
            <div>
              <div
                class="MuiFormControl-root"
                style="width:180px;"
              >
                <label
                  class="MuiFormLabel-root MuiInputLabel-root MuiInputLabel-formControl MuiInputLabel-animated"
                  id="productArea"
                >
                  Product Area
                </label>
                <div class="MuiInputBase-root MuiInput-root MuiInput-underline MuiInputBase-formControl MuiInput-formControl">
                  <div
                    aria-haspopup="listbox"
                    aria-label="productArea"
                    aria-labelledby="productArea-input"
                    class="MuiSelect-root MuiSelect-select MuiSelect-selectMenu MuiInputBase-input MuiInput-input"
                    id="productArea-input"
                    role="button"
                  >
                    <span></span>
                  </div>
                  <input
                    aria-hidden
                    class="MuiSelect-nativeInput"
                    name="productArea"
                  >
                  <svg
                    aria-hidden
                    class="MuiSvgIcon-root MuiSelect-icon"
                    focusable="false"
                    viewBox="0 0 24 24"
                  >
                    <path d="M7 10l5 5 5-5z"></path>
                  </svg>
                </div>
              </div>
            </div>
            <div>
              <div
                class="MuiFormControl-root"
                style="width:180px;"
              >
                <label
                  class="MuiFormLabel-root MuiInputLabel-root MuiInputLabel-formControl MuiInputLabel-animated"
                  id="interests"
                >
                  Interests
                </label>
                <div class="MuiInputBase-root MuiInput-root MuiInput-underline MuiInputBase-formControl MuiInput-formControl">
                  <div
                    aria-haspopup="listbox"
                    aria-label="interests"
                    aria-labelledby="interests"
                    class="MuiSelect-root MuiSelect-select MuiSelect-selectMenu MuiInputBase-input MuiInput-input"
                    id="interests"
                    role="button"
                  >
                    <span></span>
                  </div>
                  <input
                    aria-hidden
                    class="MuiSelect-nativeInput"
                    name="interests"
                    value=""
                  >
                  <svg
                    aria-hidden
                    class="MuiSvgIcon-root MuiSelect-icon"
                    focusable="false"
                    viewBox="0 0 24 24"
                  >
                    <path d="M7 10l5 5 5-5z"></path>
                  </svg>
                </div>
              </div>
            </div>
          </div>
          <div class="makeStyles-padding-11">
            <fieldset class="MuiFormControl-root">
              <div
                aria-label="matchPreference"
                class="MuiFormGroup-root MuiFormGroup-row"
                defaultValue="any"
                role="radiogroup"
              >
                <label class="MuiFormControlLabel-root Mui-disabled">
                  <span
                    aria-disabled
                    class="MuiButtonBase-root MuiIconButton-root PrivateSwitchBase-root-15 MuiRadio-root MuiRadio-colorPrimary PrivateSwitchBase-disabled-17 Mui-disabled MuiIconButton-colorPrimary Mui-disabled Mui-disabled"
                  >
                    <span class="MuiIconButton-label">
                      <input
                        class="PrivateSwitchBase-input-18"
                        disabled
                        name="matchPreference"
                        type="radio"
                        value="similar"
                      >
                      <div class="PrivateRadioButtonIcon-root-19">
                        <svg
                          aria-hidden
                          class="MuiSvgIcon-root"
                          focusable="false"
                          viewBox="0 0 24 24"
                        >
                          <path d="M12 2C6.48 2 2 6.48 2 12s4.48 10 10 10 10-4.48 10-10S17.52 2 12 2zm0 18c-4.42 0-8-3.58-8-8s3.58-8 8-8 8 3.58 8 8-3.58 8-8 8z"></path>
                        </svg>
                        <svg
                          aria-hidden
                          class="MuiSvgIcon-root PrivateRadioButtonIcon-layer-20"
                          focusable="false"
                          viewBox="0 0 24 24"
                        >
                          <path d="M8.465 8.465C9.37 7.56 10.62 7 12 7C14.76 7 17 9.24 17 12C17 13.38 16.44 14.63 15.535 15.535C14.63 16.44 13.38 17 12 17C9.24 17 7 14.76 7 12C7 10.62 7.56 9.37 8.465 8.465Z"></path>
                        </svg>
                      </div>
                    </span>
                  </span>
                  <span class="MuiTypography-root MuiFormControlLabel-label Mui-disabled MuiTypography-body1">
                    Similar Googler
                  </span>
                </label>
                <label class="MuiFormControlLabel-root">
                  <span class="MuiButtonBase-root MuiIconButton-root PrivateSwitchBase-root-15 MuiRadio-root MuiRadio-colorPrimary PrivateSwitchBase-checked-16 Mui-checked MuiIconButton-colorPrimary">
                    <span class="MuiIconButton-label">
                      <input
                        checked
                        class="PrivateSwitchBase-input-18"
                        name="matchPreference"
                        type="radio"
                        value="any"
                      >
                      <div class="PrivateRadioButtonIcon-root-19 PrivateRadioButtonIcon-checked-21">
                        <svg
                          aria-hidden
                          class="MuiSvgIcon-root"
                          focusable="false"
                          viewBox="0 0 24 24"
                        >
                          <path d="M12 2C6.48 2 2 6.48 2 12s4.48 10 10 10 10-4.48 10-10S17.52 2 12 2zm0 18c-4.42 0-8-3.58-8-8s3.58-8 8-8 8 3.58 8 8-3.58 8-8 8z"></path>
                        </svg>
                        <svg
                          aria-hidden
                          class="MuiSvgIcon-root PrivateRadioButtonIcon-layer-20"
                          focusable="false"
                          viewBox="0 0 24 24"
                        >
                          <path d="M8.465 8.465C9.37 7.56 10.62 7 12 7C14.76 7 17 9.24 17 12C17 13.38 16.44 14.63 15.535 15.535C14.63 16.44 13.38 17 12 17C9.24 17 7 14.76 7 12C7 10.62 7.56 9.37 8.465 8.465Z"></path>
                        </svg>
                      </div>
                    </span>
                  </span>
                  <span class="MuiTypography-root MuiFormControlLabel-label MuiTypography-body1">
                    Any Googler
                  </span>
                </label>
                <label class="MuiFormControlLabel-root Mui-disabled">
                  <span
                    aria-disabled
                    class="MuiButtonBase-root MuiIconButton-root PrivateSwitchBase-root-15 MuiRadio-root MuiRadio-colorPrimary PrivateSwitchBase-disabled-17 Mui-disabled MuiIconButton-colorPrimary Mui-disabled Mui-disabled"
                  >
                    <span class="MuiIconButton-label">
                      <input
                        class="PrivateSwitchBase-input-18"
                        disabled
                        name="matchPreference"
                        type="radio"
                        value="different"
                      >
                      <div class="PrivateRadioButtonIcon-root-19">
                        <svg
                          aria-hidden
                          class="MuiSvgIcon-root"
                          focusable="false"
                          viewBox="0 0 24 24"
                        >
                          <path d="M12 2C6.48 2 2 6.48 2 12s4.48 10 10 10 10-4.48 10-10S17.52 2 12 2zm0 18c-4.42 0-8-3.58-8-8s3.58-8 8-8 8 3.58 8 8-3.58 8-8 8z"></path>
                        </svg>
                        <svg
                          aria-hidden
                          class="MuiSvgIcon-root PrivateRadioButtonIcon-layer-20"
                          focusable="false"
                          viewBox="0 0 24 24"
                        >
                          <path d="M8.465 8.465C9.37 7.56 10.62 7 12 7C14.76 7 17 9.24 17 12C17 13.38 16.44 14.63 15.535 15.535C14.63 16.44 13.38 17 12 17C9.24 17 7 14.76 7 12C7 10.62 7.56 9.37 8.465 8.465Z"></path>
                        </svg>
                      </div>
                    </span>
                  </span>
                  <span class="MuiTypography-root MuiFormControlLabel-label Mui-disabled MuiTypography-body1">
                    Different Googler
                  </span>
                </label>
              </div>
              <p class="MuiFormHelperText-root">
                You must select at least one personal preference field to select a match preference 
              </p>
            </fieldset>
          </div>
        </div>
        <div class="makeStyles-flexEndDiv-8">
          <label class="MuiFormControlLabel-root MuiFormControlLabel-labelPlacementStart">
            <span class="MuiButtonBase-root MuiIconButton-root PrivateSwitchBase-root-15 MuiCheckbox-root MuiCheckbox-colorPrimary PrivateSwitchBase-checked-16 Mui-checked MuiIconButton-colorPrimary">
              <span class="MuiIconButton-label">
                <input
                  class="PrivateSwitchBase-input-18"
                  defaultChecked
                  name="checkbox"
                  type="checkbox"
                >
                <svg
                  aria-hidden
                  class="MuiSvgIcon-root"
                  focusable="false"
                  viewBox="0 0 24 24"
                >
                  <path d="M19 3H5c-1.11 0-2 .9-2 2v14c0 1.1.89 2 2 2h14c1.11 0 2-.9 2-2V5c0-1.1-.89-2-2-2zm-9 14l-5-5 1.41-1.41L10 14.17l7.59-7.59L19 8l-9 9z"></path>
                </svg>
              </span>
            </span>
            <span class="MuiTypography-root MuiFormControlLabel-label MuiTypography-body1">
              Save my preferences for later
            </span>
          </label>
          <div class="makeStyles-flexEndDiv-8">
            <button
              class="MuiButtonBase-root MuiButton-root MuiButton-contained MuiButton-containedPrimary"
              type="button"
            >
              <span class="MuiButton-label">
                Match me!
              </span>
            </button>
          </div>
        </div>
      </div>
    </div>
  </div>
</div>
`;
